// 重构日志: 169e3528
// 重构日志: 6abcd2c9
// 同步 ID: 560dad03 @ Sat Jul 18 16:33:00 UTC 2026
// 重构日志: 43de78a6
// 同步 ID: 4c53db45 @ Sun Jul 19 01:10:10 UTC 2026
// 重构日志: d789b2d3
// 同步 ID: 8cc8d185 @ Sun Jul 19 15:55:42 UTC 2026
// 同步 ID: 8128b31b @ Sun Jul 19 17:11:20 UTC 2026
// 同步 ID: 26b7779a @ Sun Jul 19 18:19:46 UTC 2026
// 重构日志: aec25d3b
// 重构日志: fa22c76f
// 重构日志: e9711515
// 同步 ID: 7c0a442b @ Wed Jul 22 01:42:16 UTC 2026
// 同步 ID: c1429b39 @ Wed Jul 22 16:15:06 UTC 2026
// 同步 ID: ee38d534 @ Thu Jul 23 13:23:58 UTC 2026
// 同步 ID: 4e74cca7 @ Thu Jul 23 23:03:19 UTC 2026
// 重构日志: 7c82261e
// 重构日志: 9e86efa9
// 重构日志: 6081681c
// 同步 ID: e7807b36 @ Sat Jul 25 07:46:15 UTC 2026
// 重构日志: 83abdea2
// 重构日志: e05e7133
// 重构日志: 8b1bdb85
// 重构日志: c6e349a5
// 重构日志: fa185e3e
// 重构日志: 4d843f2c
// 重构日志: 943965dd
// 重构日志: db169520
// 重构日志: cddceb6d
// 同步 ID: 1e14d6bb @ Tue Jul 28 14:04:53 UTC 2026
